// Jest Snapshot v1, https://goo.gl/fbAQLP

exports[`User should renders User correctly 1`] = `
<div>
  <div>
    ðŸ¤”
     
    David
     (
    moderator
    ) 
  </div>
</div>
`;
